Microsoft Windows [Version 10.0.22631.5624]
(c) Microsoft Corporation. All rights reserved.

C:\Users\LENOVO>git
usage: git [-v | --version] [-h | --help] [-C <path>] [-c <name>=<value>]
           [--exec-path[=<path>]] [--html-path] [--man-path] [--info-path]
           [-p | --paginate | -P | --no-pager] [--no-replace-objects] [--no-lazy-fetch]
           [--no-optional-locks] [--no-advice] [--bare] [--git-dir=<path>]
           [--work-tree=<path>] [--namespace=<name>] [--config-env=<name>=<envvar>]
           <command> [<args>]

These are common Git commands used in various situations:

start a working area (see also: git help tutorial)
   clone      Clone a repository into a new directory
   init       Create an empty Git repository or reinitialize an existing one

work on the current change (see also: git help everyday)
   add        Add file contents to the index
   mv         Move or rename a file, a directory, or a symlink
   restore    Restore working tree files
   rm         Remove files from the working tree and from the index

examine the history and state (see also: git help revisions)
   bisect     Use binary search to find the commit that introduced a bug
   diff       Show changes between commits, commit and working tree, etc
   grep       Print lines matching a pattern
   log        Show commit logs
   show       Show various types of objects
   status     Show the working tree status

grow, mark and tweak your common history
   backfill   Download missing objects in a partial clone
   branch     List, create, or delete branches
   commit     Record changes to the repository
   merge      Join two or more development histories together
   rebase     Reapply commits on top of another base tip
   reset      Reset current HEAD to the specified state
   switch     Switch branches
   tag        Create, list, delete or verify a tag object signed with GPG

collaborate (see also: git help workflows)
   fetch      Download objects and refs from another repository
   pull       Fetch from and integrate with another repository or a local branch
   push       Update remote refs along with associated objects

'git help -a' and 'git help -g' list available subcommands and some
concept guides. See 'git help <command>' or 'git help <concept>'
to read about a specific subcommand or concept.
See 'git help git' for an overview of the system.

C:\Users\LENOVO>git --version
git version 2.51.0.windows.1

C:\Users\LENOVO>git config --global user.name "Benil Shijo"

C:\Users\LENOVO>git config --global user.email "benilshijo3@gmail.com"

C:\Users\LENOVO>git config --list
diff.astextplain.textconv=astextplain
filter.lfs.clean=git-lfs clean -- %f
filter.lfs.smudge=git-lfs smudge -- %f
filter.lfs.process=git-lfs filter-process
filter.lfs.required=true
http.sslbackend=openssl
http.sslcainfo=C:/Program Files/Git/mingw64/etc/ssl/certs/ca-bundle.crt
core.autocrlf=true
core.fscache=true
core.symlinks=false
core.editor=notepad
pull.rebase=false
credential.helper=manager
credential.https://dev.azure.com.usehttppath=true
init.defaultbranch=main
user.name=Benil Shijo
user.email=benilshijo3@gmail.com

C:\Users\LENOVO>mkdir my-first-git-project

C:\Users\LENOVO>cd my-first-git-project

C:\Users\LENOVO\my-first-git-project>git init
Initialized empty Git repository in C:/Users/LENOVO/my-first-git-project/.git/

C:\Users\LENOVO\my-first-git-project>git status
On branch main

No commits yet

Untracked files:
  (use "git add <file>..." to include in what will be committed)
        desktop.ini

nothing added to commit but untracked files present (use "git add" to track)

C:\Users\LENOVO\my-first-git-project>git add readme.txt
fatal: pathspec 'readme.txt' did not match any files

C:\Users\LENOVO\my-first-git-project>git aa .
git: 'aa' is not a git command. See 'git --help'.

The most similar command is
        am

C:\Users\LENOVO\my-first-git-project>git add .

C:\Users\LENOVO\my-first-git-project>git status
On branch main

No commits yet

Changes to be committed:
  (use "git rm --cached <file>..." to unstage)
        new file:   desktop.ini


C:\Users\LENOVO\my-first-git-project>git commit -m "First commit"
[main (root-commit) 66b7970] First commit
 1 file changed, 4 insertions(+)
 create mode 100644 desktop.ini

C:\Users\LENOVO\my-first-git-project>git status
On branch main
nothing to commit, working tree clean

C:\Users\LENOVO\my-first-git-project>git remote add origin https://github.com/BenilShijoInfotech/Test1.git

C:\Users\LENOVO\my-first-git-project>git push -u origin master
error: src refspec master does not match any
error: failed to push some refs to 'https://github.com/BenilShijoInfotech/Test1.git'

C:\Users\LENOVO\my-first-git-project>git branch
* main

C:\Users\LENOVO\my-first-git-project>git push -u origin main
info: please complete authentication in your browser...
Enumerating objects: 3, done.
Counting objects: 100% (3/3), done.
Writing objects: 100% (3/3), 260 bytes | 130.00 KiB/s, done.
Total 3 (delta 0), reused 0 (delta 0), pack-reused 0 (from 0)
To https://github.com/BenilShijoInfotech/Test1.git
 * [new branch]      main -> main
branch 'main' set up to track 'origin/main'.

C:\Users\LENOVO\my-first-git-project>git status
On branch main
Your branch is up to date with 'origin/main'.

nothing to commit, working tree clean

C:\Users\LENOVO\my-first-git-project>cd--
'cd--' is not recognized as an internal or external command,
operable program or batch file.

C:\Users\LENOVO\my-first-git-project>cd
C:\Users\LENOVO\my-first-git-project

C:\Users\LENOVO\my-first-git-project>cd .git

C:\Users\LENOVO\my-first-git-project\.git>git status
fatal: this operation must be run in a work tree

C:\Users\LENOVO\my-first-git-project\.git>git sttaus
git: 'sttaus' is not a git command. See 'git --help'.

The most similar command is
        status

C:\Users\LENOVO\my-first-git-project\.git>cd
C:\Users\LENOVO\my-first-git-project\.git

C:\Users\LENOVO\my-first-git-project\.git>cd my-first-git-project
The system cannot find the path specified.

C:\Users\LENOVO\my-first-git-project\.git>cd c
The system cannot find the path specified.

C:\Users\LENOVO\my-first-git-project\.git>cd lenovo
The system cannot find the path specified.

C:\Users\LENOVO\my-first-git-project\.git>cd c
The system cannot find the path specified.

C:\Users\LENOVO\my-first-git-project\.git>cd ..

C:\Users\LENOVO\my-first-git-project>git status
On branch main
Your branch is up to date with 'origin/main'.

Untracked files:
  (use "git add <file>..." to include in what will be committed)
        Beniltest.txt

nothing added to commit but untracked files present (use "git add" to track)

C:\Users\LENOVO\my-first-git-project>git add beniltest.txt

C:\Users\LENOVO\my-first-git-project>git commit -m "Testing txt file"
On branch main
Your branch is up to date with 'origin/main'.

Untracked files:
  (use "git add <file>..." to include in what will be committed)
        Beniltest.txt

nothing added to commit but untracked files present (use "git add" to track)

C:\Users\LENOVO\my-first-git-project>git add .

C:\Users\LENOVO\my-first-git-project>git status
On branch main
Your branch is up to date with 'origin/main'.

Changes to be committed:
  (use "git restore --staged <file>..." to unstage)
        new file:   Beniltest.txt


C:\Users\LENOVO\my-first-git-project>git commit -m "testing"
[main 549574a] testing
 1 file changed, 2 insertions(+)
 create mode 100644 Beniltest.txt

C:\Users\LENOVO\my-first-git-project>git push -u origin master
error: src refspec master does not match any
error: failed to push some refs to 'https://github.com/BenilShijoInfotech/Test1.git'

C:\Users\LENOVO\my-first-git-project>git push -u origin main
Enumerating objects: 4, done.
Counting objects: 100% (4/4), done.
Delta compression using up to 2 threads
Compressing objects: 100% (2/2), done.
Writing objects: 100% (3/3), 291 bytes | 72.00 KiB/s, done.
Total 3 (delta 0), reused 0 (delta 0), pack-reused 0 (from 0)
To https://github.com/BenilShijoInfotech/Test1.git
   66b7970..549574a  main -> main
branch 'main' set up to track 'origin/main'.

C:\Users\LENOVO\my-first-git-project>